Static (
    Class           ( Vegetation-Greenery )
    Filename        ( ash12.s )
    Align           ( None )
    Shadow          ( Round )
    Description     ( ash_12m )
)
Static (
    Class           ( Vegetation-Greenery )
    Filename        ( ash14.s )
    Align           ( None )
    Shadow          ( Round )
    Description     ( ash_14m )
)
Static (
    Class           ( Vegetation-Greenery )
    Filename        ( ash16.s )
    Align           ( None )
    Shadow          ( Round )
    Description     ( ash_16m )
)
Static (
    Class           ( Vegetation-Greenery )
    Filename        ( beech24.s )
    Align           ( None )
    Shadow          ( Round )
    Description     ( beech_24m )
)
Static (
    Class           ( Vegetation-Greenery )
    Filename        ( birch15.s )
    Align           ( None )
    Shadow          ( Round )
    Description     ( birch_15m )
)
Static (
    Class           ( Vegetation-Greenery )
    Filename        ( birch19.s )
    Align           ( None )
    Shadow          ( Round )
    Description     ( birch_19m )
)
Static (
    Class           ( Vegetation-Greenery )
    Filename        ( grass-green0,4_B.s )
    Align           ( None )
    Description     ( grass-green_0,4m_B )
)
Static (
    Class           ( Vegetation-Greenery )
    Filename        ( grass-jadegreen0,4_B.s )
    Align           ( None )
    Description     ( grass-jadegreen_0,4m_B )
)
Static (
    Class           ( Vegetation-Greenery )
    Filename        ( hornbeam13.s )
    Align           ( None )
    Shadow          ( Round )
    Description     ( hornbeam_13m )
)
Static (
    Class           ( Vegetation-Greenery )
    Filename        ( horse-chestnut15.s )
    Align           ( None )
    Shadow          ( Round )
    Description     ( horse_chestnut_15m )
)
Static (
    Class           ( Vegetation-Greenery )
    Filename        ( horse-chestnut19.s )
    Align           ( None )
    Shadow          ( Round )
    Description     ( horse_chestnut_19m )
)
Static (
    Class           ( Vegetation-Greenery )
    Filename        ( lime17.s )
    Align           ( None )
    Description     ( lime_17m )
)
Static (
    Class           ( Vegetation-Greenery )
    Filename        ( lime19.s )
    Align           ( None )
    Shadow          ( Round )
    Description     ( lime_19m )
)
Static (
    Class           ( Vegetation-Greenery )
    Filename        ( lime22.s )
    Align           ( None )
    Shadow          ( Round )
    Description     ( lime_22m )
)
Static (
    Class           ( Vegetation-Greenery )
    Filename        ( locust15.s )
    Align           ( None )
    Shadow          ( Round )
    Description     ( locust_15m )
)
Static (
    Class           ( Vegetation-Greenery )
    Filename        ( oak25.s )
    Align           ( None )
    Shadow          ( Round )
    Description     ( oak_25m )
)
Static (
    Class           ( Vegetation-Greenery )
    Filename        ( plumtree11.s )
    Align           ( None )
    Shadow          ( Round )
    Description     ( plumtree_11m )
)
Static (
    Class           ( Vegetation-Greenery )
    Filename        ( plumtree15.s )
    Align           ( None )
    Shadow          ( Round )
    Description     ( plumtree_15m )
)
Static (
    Class           ( Vegetation-Greenery )
    Filename        ( poplar15.s )
    Align           ( None )
    Shadow          ( Round )
    Description     ( poplar_15m )
)
Static (
    Class           ( Vegetation-Greenery )
    Filename        ( poplar30.s )
    Align           ( None )
    Shadow          ( Round )
    Description     ( poplar_30m )
)
Static (
    Class           ( Vegetation-Greenery )
    Filename        ( shrubbery1.s )
    Align           ( None )
    Shadow          ( None )
    Description     ( shrubbery_1 )
)
Static (
    Class           ( Vegetation-Greenery )
    Filename        ( shrubbery2.s )
    Align           ( None )
    Shadow          ( None )
    Description     ( shrubbery_2 )
)
Static (
    Class           ( Vegetation-Greenery )
    Filename        ( shrubbery3.s )
    Align           ( None )
    Shadow          ( None )
    Description     ( shrubbery_3 )
)
Static (
    Class           ( Vegetation-Greenery )
    Filename        ( shrubbery4.s )
    Align           ( None )
    Shadow          ( None )
    Description     ( shrubbery_4 )
)
Static (
    Class           ( Vegetation-Greenery )
    Filename        ( shrubbery5.s )
    Align           ( None )
    Shadow          ( None )
    Description     ( shrubbery_5 )
)
Static (
    Class           ( Vegetation-Greenery )
    Filename        ( shrubs1-3.s )
    Align           ( None )
    Description     ( shrubs_1-3m )
)
Static (
    Class           ( Vegetation-Greenery )
    Filename        ( shrubs4-7.s )
    Align           ( None )
    Description     ( shrubs_4-7m )
)
Static (
    Class           ( Vegetation-Greenery )
    Filename        ( walnuttree14.s )
    Align           ( None )
    Shadow          ( Round )
    Description     ( walnut_tree_14m )
)
Static (
    Class           ( Vegetation-Greenery )
    Filename        ( walnuttree17.s )
    Align           ( None )
    Shadow          ( Round )
    Description     ( walnut_tree_17m )
)
Static (
    Class           ( Vegetation-Greenery )
    Filename        ( walnuttree20.s )
    Align           ( None )
    Shadow          ( Round )
    Description     ( walnut_tree_20m )
)
Static (
    Class           ( Vegetation-Greenery )
    Filename        ( walnuttree23.s )
    Align           ( None )
    Shadow          ( Round )
    Description     ( walnut_tree_23m )
)
Static (
    Class           ( Vegetation-Greenery )
    Filename        ( willow15.s )
    Align           ( None )
    Shadow          ( Round )
    Description     ( willow_15m )
)
Static (
    Class           ( Vegetation-Greenery )
    Filename        ( willow16.s )
    Align           ( None )
    Shadow          ( Round )
    Description     ( willow_16m )
)
Static (
    Class           ( Vegetation-Greenery )
    Filename        ( woody_species06.s )
    Align           ( None )
    Description     ( woody_species_06m )
)
Static (
    Class           ( Vegetation-Greenery )
    Filename        ( woody_species10.s )
    Align           ( None )
    Description     ( woody_species_10m )
)
Static (
    Class           ( Vegetation-Greenery )
    Filename        ( woody_species13.s )
    Align           ( None )
    Description     ( woody_species_13m )
)
Static (
    Class           ( Vegetation-Greenery )
    Filename        ( woody_species17.s )
    Align           ( None )
    Description     ( woody_species_17m )
)
Static (
    Class           ( Vegetation-Greenery )
    Filename        ( smrk25.s )
    Align           ( None )
    Description     ( smrk_25m )
)
Static (
    Class           ( Vegetation-Greenery )
    Filename        ( smrk21.s )
    Align           ( None )
    Description     ( smrk_21m )
)
Static (
    Class           ( Vegetation-Greenery )
    Filename        ( smrk20.s )
    Align           ( None )
    Description     ( smrk_20m )
)
Static (
    Class           ( Vegetation-Greenery )
    Filename        ( smrk15.s )
    Align           ( None )
    Description     ( smrk_15m )
)
Static (
    Class           ( Vegetation-Greenery )
    Filename        ( tree6.s )
    Align           ( None )
    Description     ( Tree 6 - 16m )
    Shadow          ( rect)
)